CCS PCM C Compiler, Version 5.112, 5967               30-Nis-25 16:13

               Filename:   C:\Users\osman\OneDrive\Masaüstü\Remote_Control\all_buttons_active\all_buttons.lst

               ROM used:   238 words (23%)
                           Largest free fragment is 786
               RAM used:   12 (19%) at main() level
                           14 (22%) worst case
               Stack used: 1 locations
               Stack size: 8

*
0000:  MOVLW  00
0001:  MOVWF  0A
0002:  GOTO   004
0003:  NOP
0004:  CALL   3FF
0005:  BSF    03.5
0006:  MOVWF  10
0007:  MOVLW  00
0008:  MOVWF  0A
0009:  GOTO   083
.................... #include <12F629.h>
.................... //////////// Standard Header file for the PIC12F629 device ////////////////
.................... ///////////////////////////////////////////////////////////////////////////
.................... ////        (C) Copyright 1996, 2020 Custom Computer Services          ////
.................... //// This source code may only be used by licensed users of the CCS C  ////
.................... //// compiler.  This source code may only be distributed to other      ////
.................... //// licensed users of the CCS C compiler.  No other use, reproduction ////
.................... //// or distribution is permitted without written permission.          ////
.................... //// Derivative programs created using this software in object code    ////
.................... //// form are not restricted in any way.                               ////
.................... ///////////////////////////////////////////////////////////////////////////
.................... #device PIC12F629
.................... 
.................... #list
.................... 
.................... #fuses INTRC_IO, NOWDT, NOMCLR
.................... #use delay(clock=4000000)
000A:  MOVLW  2C
000B:  MOVWF  04
000C:  MOVF   00,W
000D:  BTFSC  03.2
000E:  GOTO   01D
000F:  MOVLW  01
0010:  MOVWF  21
0011:  CLRF   20
0012:  DECFSZ 20,F
0013:  GOTO   012
0014:  DECFSZ 21,F
0015:  GOTO   011
0016:  MOVLW  4A
0017:  MOVWF  20
0018:  DECFSZ 20,F
0019:  GOTO   018
001A:  GOTO   01B
001B:  DECFSZ 00,F
001C:  GOTO   00F
001D:  RETURN
.................... 
.................... // UART: sadece TX, 9600 baud
.................... #use rs232(baud=9600, xmit=PIN_A4, bits=8, parity=N, stop=1)
*
0061:  BSF    03.5
0062:  BCF    05.4
0063:  BCF    03.5
0064:  BCF    05.4
0065:  MOVLW  08
0066:  MOVWF  21
0067:  GOTO   068
0068:  NOP
0069:  BSF    21.7
006A:  GOTO   079
006B:  BCF    21.7
006C:  RRF    2C,F
006D:  BTFSC  03.0
006E:  BSF    05.4
006F:  BTFSS  03.0
0070:  BCF    05.4
0071:  BSF    21.6
0072:  GOTO   079
0073:  BCF    21.6
0074:  DECFSZ 21,F
0075:  GOTO   06C
0076:  GOTO   077
0077:  NOP
0078:  BSF    05.4
0079:  MOVLW  1C
007A:  MOVWF  04
007B:  DECFSZ 04,F
007C:  GOTO   07B
007D:  GOTO   07E
007E:  BTFSC  21.7
007F:  GOTO   06B
0080:  BTFSC  21.6
0081:  GOTO   073
0082:  RETURN
.................... 
.................... // Gönderilecek veriler
.................... int8 veri1 = 0xA5;
.................... int8 veri2 = 0x3C;
.................... int8 veri3 = 0x7E;
.................... int8 veri4 = 0x5A;  // 4. veri
.................... 
.................... // Yazýlým debouncer için sayaçlar ve durumlar
.................... #define DEBOUNCE_THRESHOLD 5  // Stabilize için gereken döngü sayýsý
.................... 
.................... int1 stable1 = 0, stable2 = 0, stable3 = 0;
.................... int8 counter1 = 0, counter2 = 0, counter3 = 0;
.................... 
.................... void debounce_buttons() {
*
001E:  BSF    03.5
001F:  BSF    05.3
0020:  BCF    03.5
0021:  BCF    2C.0
0022:  BTFSC  05.3
0023:  BSF    2C.0
0024:  BSF    03.5
0025:  BSF    05.1
0026:  BCF    03.5
0027:  BCF    2C.1
0028:  BTFSC  05.1
0029:  BSF    2C.1
002A:  BSF    03.5
002B:  BSF    05.0
002C:  BCF    03.5
002D:  BCF    2C.2
002E:  BTFSC  05.0
002F:  BSF    2C.2
....................    int1 raw1 = input(PIN_A3);
....................    int1 raw2 = input(PIN_A1);
....................    int1 raw3 = input(PIN_A0);
....................    
....................    // Button 1
....................    if (raw1 == stable1) {
0030:  MOVF   2C,W
0031:  XORWF  28,W
0032:  ANDLW  01
0033:  BTFSS  03.2
0034:  GOTO   037
....................       counter1 = 0;
0035:  CLRF   29
....................    } else {
0036:  GOTO   040
....................       counter1++;
0037:  INCF   29,F
....................       if (counter1 >= DEBOUNCE_THRESHOLD) {
0038:  MOVF   29,W
0039:  SUBLW  04
003A:  BTFSC  03.0
003B:  GOTO   040
....................          stable1 = raw1;
003C:  BCF    28.0
003D:  BTFSC  2C.0
003E:  BSF    28.0
....................          counter1 = 0;
003F:  CLRF   29
....................       }
....................    }
....................    // Button 2
....................    if (raw2 == stable2) {
0040:  MOVF   2C,W
0041:  XORWF  28,W
0042:  ANDLW  02
0043:  BTFSS  03.2
0044:  GOTO   047
....................       counter2 = 0;
0045:  CLRF   2A
....................    } else {
0046:  GOTO   050
....................       counter2++;
0047:  INCF   2A,F
....................       if (counter2 >= DEBOUNCE_THRESHOLD) {
0048:  MOVF   2A,W
0049:  SUBLW  04
004A:  BTFSC  03.0
004B:  GOTO   050
....................          stable2 = raw2;
004C:  BCF    28.1
004D:  BTFSC  2C.1
004E:  BSF    28.1
....................          counter2 = 0;
004F:  CLRF   2A
....................       }
....................    }
....................    // Button 3
....................    if (raw3 == stable3) {
0050:  MOVF   2C,W
0051:  XORWF  28,W
0052:  ANDLW  04
0053:  BTFSS  03.2
0054:  GOTO   057
....................       counter3 = 0;
0055:  CLRF   2B
....................    } else {
0056:  GOTO   060
....................       counter3++;
0057:  INCF   2B,F
....................       if (counter3 >= DEBOUNCE_THRESHOLD) {
0058:  MOVF   2B,W
0059:  SUBLW  04
005A:  BTFSC  03.0
005B:  GOTO   060
....................          stable3 = raw3;
005C:  BCF    28.2
005D:  BTFSC  2C.2
005E:  BSF    28.2
....................          counter3 = 0;
005F:  CLRF   2B
....................       }
....................    }
0060:  GOTO   0A8 (RETURN)
.................... }
.................... 
.................... void main() {
*
0083:  MOVF   03,W
0084:  ANDLW  1F
0085:  MOVWF  03
0086:  BSF    03.5
0087:  BCF    05.4
0088:  BCF    03.5
0089:  BSF    05.4
008A:  MOVLW  A5
008B:  MOVWF  24
008C:  MOVLW  3C
008D:  MOVWF  25
008E:  MOVLW  7E
008F:  MOVWF  26
0090:  MOVLW  5A
0091:  MOVWF  27
0092:  BCF    28.0
0093:  BCF    28.1
0094:  BCF    28.2
0095:  CLRF   29
0096:  CLRF   2A
0097:  CLRF   2B
0098:  MOVLW  07
0099:  MOVWF  19
....................    // GP3, GP1, GP0 = giriþ; GP4 = TX çýkýþ; GP2 = LED çýkýþ
....................    set_tris_a(0b11101111);
009A:  MOVLW  EF
009B:  BSF    03.5
009C:  MOVWF  05
.................... 
....................    // UART idle HIGH, LED kapalý
....................    output_high(PIN_A4);
009D:  BCF    05.4
009E:  BCF    03.5
009F:  BSF    05.4
....................    output_low(PIN_A2);
00A0:  BSF    03.5
00A1:  BCF    05.2
00A2:  BCF    03.5
00A3:  BCF    05.2
....................    delay_ms(200);
00A4:  MOVLW  C8
00A5:  MOVWF  2C
00A6:  CALL   00A
.................... 
....................    while(TRUE) {
....................       // Debounce iþlemi
....................       debounce_buttons();
00A7:  GOTO   01E
.................... 
....................       // Buton basýlýyken sürekli veri gönderme öncelikli
....................       if (stable1) {
00A8:  BTFSS  28.0
00A9:  GOTO   0B9
....................          putc(veri1);
00AA:  MOVF   24,W
00AB:  MOVWF  2C
00AC:  CALL   061
....................          output_high(PIN_A2);
00AD:  BSF    03.5
00AE:  BCF    05.2
00AF:  BCF    03.5
00B0:  BSF    05.2
....................          delay_ms(200);
00B1:  MOVLW  C8
00B2:  MOVWF  2C
00B3:  CALL   00A
....................          output_low(PIN_A2);
00B4:  BSF    03.5
00B5:  BCF    05.2
00B6:  BCF    03.5
00B7:  BCF    05.2
....................       }
00B8:  GOTO   0E9
....................       else if (stable2) {
00B9:  BTFSS  28.1
00BA:  GOTO   0CA
....................          putc(veri2);
00BB:  MOVF   25,W
00BC:  MOVWF  2C
00BD:  CALL   061
....................          output_high(PIN_A2);
00BE:  BSF    03.5
00BF:  BCF    05.2
00C0:  BCF    03.5
00C1:  BSF    05.2
....................          delay_ms(200);
00C2:  MOVLW  C8
00C3:  MOVWF  2C
00C4:  CALL   00A
....................          output_low(PIN_A2);
00C5:  BSF    03.5
00C6:  BCF    05.2
00C7:  BCF    03.5
00C8:  BCF    05.2
....................       }
00C9:  GOTO   0E9
....................       else if (stable3) {
00CA:  BTFSS  28.2
00CB:  GOTO   0DB
....................          putc(veri3);
00CC:  MOVF   26,W
00CD:  MOVWF  2C
00CE:  CALL   061
....................          output_high(PIN_A2);
00CF:  BSF    03.5
00D0:  BCF    05.2
00D1:  BCF    03.5
00D2:  BSF    05.2
....................          delay_ms(200);
00D3:  MOVLW  C8
00D4:  MOVWF  2C
00D5:  CALL   00A
....................          output_low(PIN_A2);
00D6:  BSF    03.5
00D7:  BCF    05.2
00D8:  BCF    03.5
00D9:  BCF    05.2
....................       }
00DA:  GOTO   0E9
....................       // Hiçbiri basýlý deðilse sürekli veri4 gönder
....................       else {
....................          putc(veri4);
00DB:  MOVF   27,W
00DC:  MOVWF  2C
00DD:  CALL   061
....................          output_high(PIN_A2);
00DE:  BSF    03.5
00DF:  BCF    05.2
00E0:  BCF    03.5
00E1:  BSF    05.2
....................          delay_ms(200);
00E2:  MOVLW  C8
00E3:  MOVWF  2C
00E4:  CALL   00A
....................          output_low(PIN_A2);
00E5:  BSF    03.5
00E6:  BCF    05.2
00E7:  BCF    03.5
00E8:  BCF    05.2
....................       }
.................... 
....................       // Döngü hýzý kontrolü
....................       delay_ms(10);
00E9:  MOVLW  0A
00EA:  MOVWF  2C
00EB:  CALL   00A
00EC:  GOTO   0A7
....................    }
.................... }
.................... 
00ED:  SLEEP

Configuration Fuses:
   Word  1: 31C4   INTRC_IO NOWDT PUT NOMCLR BROWNOUT NOPROTECT NOCPD
