
ROM used:   238/1024 (23%)
            238/1024 (23%) including unused fragments

            0.4 Average locations per line
            4.1 Average locations per statement

RAM used:   12/64 (19%) at main() level
            14/64 (22%) worst case

Stack used: 1 worst case (1 in main + 0 for interrupts)
Stack size: 8

Lines Stmts  %   Files
----- ----- ---  -----
  102    58 100  all_buttons.c
  478     0   0  ..\..\..\..\..\..\Program Files (x86)\PICC\Devices\12F629.h
----- -----
  580    58 Total

Page ROM  %  RAM    Vol Diff  Functions:
---- --- --- ---    --- ----  ----------
0     20   8    1             @delay_ms1
0     34  14    1             @PUTCHAR_1_
0     67  28    2    633  4.5  debounce_buttons
0    107  45    0    630  2.9  MAIN
 Inline         0             @cinit1

Program metrics:
    Functions               2
    Statements              58
    Comments                100
    Volume (V)              1491
    Difficulty (D)          7.1
    Effort to implement (E) 10605
    Time to implement (T)   10 minutes
    Est Delivered Bugs (B)  0
    Cyclomatic Complexity   9
    Maintainability (MI)    31

 Segment     Used  Free
-----------  ----  ----
00000-00003     4  0  
00004-003FF   234  786  



