
ROM used:   167/1024 (16%)
            167/1024 (16%) including unused fragments

            0.3 Average locations per line
            6.7 Average locations per statement

RAM used:   9/64 (14%) at main() level
            10/64 (16%) worst case

Stack used: 1 worst case (1 in main + 0 for interrupts)
Stack size: 8

Lines Stmts  %   Files
----- ----- ---  -----
   48    25 100  3_buttons.c
  478     0   0  ..\..\..\..\..\Program Files (x86)\PICC\Devices\12F629.h
----- -----
  526    25 Total

Page ROM  %  RAM    Vol Diff  Functions:
---- --- --- ---    --- ----  ----------
0     20  12    1             @delay_ms1
0     34  20    1             @PUTCHAR_1_
0    103  62    1    636  3.5  main
 Inline         0             @cinit1

Program metrics:
    Functions               1
    Statements              25
    Comments                96
    Volume (V)              644
    Difficulty (D)          3.3
    Effort to implement (E) 2126
    Time to implement (T)   2 minutes
    Est Delivered Bugs (B)  0
    Cyclomatic Complexity   3
    Maintainability (MI)    110

 Segment     Used  Free
-----------  ----  ----
00000-00003     4  0  
00004-003FF   163  857  



